// Jest Snapshot v1, https://goo.gl/fbAQLP

exports[`Index should match snapshot 1`] = `
<LandingLayout>
  <div>
    <h1>
      Yishanjs's typescript&next starter
    </h1>
    <ul>
      <li
        key="nextjs"
      >
        <Link
          href="https://github.com/zeit/next.js/"
          passHref={true}
        >
          <a
            target="_blank"
          >
            nextjs
          </a>
        </Link>
      </li>
      <li
        key="next-typescript"
      >
        <Link
          href="https://github.com/zeit/next-plugins/tree/master/packages/next-typescript"
          passHref={true}
        >
          <a
            target="_blank"
          >
            next-typescript
          </a>
        </Link>
      </li>
      <li
        key="typescript"
      >
        <Link
          href="https://www.typescriptlang.org/"
          passHref={true}
        >
          <a
            target="_blank"
          >
            typescript
          </a>
        </Link>
      </li>
      <li
        key="eslint"
      >
        <Link
          href="https://eslint.org/"
          passHref={true}
        >
          <a
            target="_blank"
          >
            eslint
          </a>
        </Link>
      </li>
      <li
        key="prettier"
      >
        <Link
          href="https://github.com/prettier/prettier"
          passHref={true}
        >
          <a
            target="_blank"
          >
            prettier
          </a>
        </Link>
      </li>
      <li
        key="jest"
      >
        <Link
          href="https://github.com/prettier/prettier"
          passHref={true}
        >
          <a
            target="_blank"
          >
            jest
          </a>
        </Link>
      </li>
    </ul>
  </div>
</LandingLayout>
`;
