// Jest Snapshot v1, https://goo.gl/fbAQLP

exports[`着陆页布局 snapshot 必须保持一致 1`] = `
<div>
  <div
    className="bp3-navbar"
  >
    <div
      className="bp3-navbar-group bp3-align-left"
    >
      <div
        className="bp3-navbar-heading"
      >
        <img
          alt="logo"
          src="/static/layout/logo.png"
          style={
            Object {
              "height": 30,
              "width": 30,
            }
          }
        />
      </div>
      <div
        className="bp3-navbar-heading"
      >
        移山
      </div>
    </div>
  </div>
  test
  <div
    className="bp3-divider"
  />
  <footer
    style={
      Object {
        "color": "#8c8c8c",
        "margin": "10px",
        "textAlign": "center",
      }
    }
  >
    © 
    2019
     Yishan Authors
  </footer>
</div>
`;
